Script started on Wed 21 Feb 2018 06:16:18 PM MST
[bbarclay@blanca ~]$ cd
[bbarclay@blanca ~]$ mkdir ch5
[bbarclay@blanca ~]$ cd ch5
[bbarclay@blanca ch5]$ S[K$SHELL
[bbarclay@blanca ch5]$ echo $SHELL
/bin/bash
[bbarclay@blanca ch5]$ echo $HOME
/home/bbarclay
[bbarclay@blanca ch5]$ $0
[bbarclay@blanca ch5]$ echo $0
/bin/bash
[bbarclay@blanca ch5]$ csh
[bbarclay@blanca ~/ch5]$ echo $0
csh
[bbarclay@blanca ~/ch5]$ bash
[bbarclay@blanca ch5]$ echo $0
bash
[bbarclay@blanca ch5]$ exit
exit
[bbarclay@blanca ~/ch5]$ exit
exit
[bbarclay@blanca ch5]$ $0[K[Kecho $0
/bin/bash
[bbarclay@blanca ch5]$ who > file1
[bbarclay@blanca ch5]$ more file1
(unknown) :0           2017-08-25 13:27 (:0)
gdelbrid pts/0        2018-02-21 18:09 (128.198.198.219)
jhale2   pts/1        2018-02-21 18:04 (en138-win-25.uccs.edu)
warchbol pts/3        2018-02-21 17:40 (uccs-vpn-a233.uccs.edu)
warchbol pts/4        2018-02-21 18:10 (uccs-vpn-a215.uccs.edu)
sanders2 pts/5        2018-02-21 18:10 (128.198.108.112)
bbarclay pts/6        2018-02-21 18:13 (uccs-vpn-a36.uccs.edu)
jnguyen2 pts/7        2018-02-21 18:13 (uccs-vpn-a242.uccs.edu)
jbarney  pts/8        2018-02-21 18:13 (en138-win-17.uccs.edu)
erussel2 pts/9        2018-02-21 18:13 (en138-win-23.uccs.edu)
tbarret2 pts/10       2018-02-21 18:18 (en138-win-24.uccs.edu)
zrandall pts/11       2018-02-21 18:13 (en138-win-28.uccs.edu)
tbarkalo pts/12       2018-02-21 18:13 (en138-win-p.uccs.edu)
jcontrer pts/13       2018-02-21 18:14 (en138--win-03.uccs.edu)
sanders2 pts/14       2018-02-21 18:14 (uccs-vpn-a244.uccs.edu)
bbarclay pts/15       2018-02-21 18:16
sparish  pts/16       2018-02-21 18:22 (128.198.108.197)
[bbarclay@blanca ch5]$ date;(who > file2)
Wed Feb 21 18:29:02 MST 2018
[bbarclay@blanca ch5]$ more file2
(unknown) :0           2017-08-25 13:27 (:0)
gdelbrid pts/0        2018-02-21 18:09 (128.198.198.219)
jhale2   pts/1        2018-02-21 18:04 (en138-win-25.uccs.edu)
warchbol pts/3        2018-02-21 17:40 (uccs-vpn-a233.uccs.edu)
warchbol pts/4        2018-02-21 18:10 (uccs-vpn-a215.uccs.edu)
sanders2 pts/5        2018-02-21 18:10 (128.198.108.112)
bbarclay pts/6        2018-02-21 18:13 (uccs-vpn-a36.uccs.edu)
jnguyen2 pts/7        2018-02-21 18:13 (uccs-vpn-a242.uccs.edu)
jbarney  pts/8        2018-02-21 18:13 (en138-win-17.uccs.edu)
erussel2 pts/9        2018-02-21 18:13 (en138-win-23.uccs.edu)
tbarret2 pts/10       2018-02-21 18:18 (en138-win-24.uccs.edu)
zrandall pts/11       2018-02-21 18:13 (en138-win-28.uccs.edu)
tbarkalo pts/12       2018-02-21 18:13 (en138-win-p.uccs.edu)
jcontrer pts/13       2018-02-21 18:14 (en138--win-03.uccs.edu)
sanders2 pts/14       2018-02-21 18:14 (uccs-vpn-a244.uccs.edu)
bbarclay pts/15       2018-02-21 18:16
sparish  pts/16       2018-02-21 18:22 (128.198.108.197)
[bbarclay@blanca ch5]$ ksh
$ vi  vi
[?1h=[1;43r[m[m[0m[H[J[2;1H[1m~
~
~
~
~
~
~
~
~
~
~
~
~
~
~
~
~
~
~
~
~
~
~
~
~
~
~
~
~
~
~
~
~
~
~
~
~
~
~
~
~[0m[43;154H0,0-1[9CAll[16;78HVIM - Vi IMproved[18;79Hversion 7.4.160[19;74Hby Bram Moolenaar et al.[20;70HModified by [1m<bugzilla@redhat.com>[0m[21;65HVim is open source and freely distributable[23;72HHelp poor children in Uganda![24;63Htype  :help iccf[1m<Enter>[0m[7Cfor information[26;63Htype  :q[1m<Enter>[0m[15Cto exit[27;63Htype  :help[1m<Enter>[0m  or  [1m<F1>[0m  for on-line help[28;63Htype  :help version7[1m<Enter>[0m   for version info[1;1H[43;154H[K[43;1H:q[?1l>[43;1H[K[43;1H$ clear
[H[J$ clear$ vi   exit$ jobs$ ps -f$ jobs $ exit$ vi  clear$ vi   exit$ jobs$ ps -f$ ps -f$ ps -f$ jobs $ exit$ vi  clear$      $ clear$ vi   exit$ jobs$ ps -f$ ps -f$ jobs $ exit$ vi  clear$      $ (date;fil   who)>file3
$ more file3
Wed Feb 21 18:32:00 MST 2018
(unknown) :0           2017-08-25 13:27 (:0)
gdelbrid pts/0        2018-02-21 18:09 (128.198.198.219)
jhale2   pts/1        2018-02-21 18:04 (en138-win-25.uccs.edu)
warchbol pts/3        2018-02-21 17:40 (uccs-vpn-a233.uccs.edu)
warchbol pts/4        2018-02-21 18:10 (uccs-vpn-a215.uccs.edu)
sanders2 pts/5        2018-02-21 18:10 (128.198.108.112)
bbarclay pts/6        2018-02-21 18:13 (uccs-vpn-a36.uccs.edu)
jnguyen2 pts/7        2018-02-21 18:13 (uccs-vpn-a242.uccs.edu)
erussel2 pts/9        2018-02-21 18:13 (en138-win-23.uccs.edu)
tbarret2 pts/10       2018-02-21 18:18 (en138-win-24.uccs.edu)
zrandall pts/11       2018-02-21 18:13 (en138-win-28.uccs.edu)
tbarkalo pts/12       2018-02-21 18:13 (en138-win-p.uccs.edu)
jcontrer pts/13       2018-02-21 18:14 (en138--win-03.uccs.edu)
sanders2 pts/14       2018-02-21 18:14 (uccs-vpn-a244.uccs.edu)
bbarclay pts/15       2018-02-21 18:16
sparish  pts/16       2018-02-21 18:22 (128.198.108.197)
$ more file3$ (date;who)>file3;who)>file3           >file4);who
(unknown) :0           2017-08-25 13:27 (:0)
gdelbrid pts/0        2018-02-21 18:09 (128.198.198.219)
jhale2   pts/1        2018-02-21 18:04 (en138-win-25.uccs.edu)
warchbol pts/3        2018-02-21 17:40 (uccs-vpn-a233.uccs.edu)
warchbol pts/4        2018-02-21 18:10 (uccs-vpn-a215.uccs.edu)
sanders2 pts/5        2018-02-21 18:10 (128.198.108.112)
bbarclay pts/6        2018-02-21 18:13 (uccs-vpn-a36.uccs.edu)
jnguyen2 pts/7        2018-02-21 18:13 (uccs-vpn-a242.uccs.edu)
jbarney  pts/8        2018-02-21 18:32 (en138-win-17.uccs.edu)
erussel2 pts/9        2018-02-21 18:13 (en138-win-23.uccs.edu)
tbarret2 pts/10       2018-02-21 18:18 (en138-win-24.uccs.edu)
zrandall pts/11       2018-02-21 18:13 (en138-win-28.uccs.edu)
tbarkalo pts/12       2018-02-21 18:13 (en138-win-p.uccs.edu)
jcontrer pts/13       2018-02-21 18:14 (en138--win-03.uccs.edu)
sanders2 pts/14       2018-02-21 18:14 (uccs-vpn-a244.uccs.edu)
bbarclay pts/15       2018-02-21 18:16
sparish  pts/16       2018-02-21 18:22 (128.198.108.197)
$ more file4
Wed Feb 21 18:33:39 MST 2018
$ cp fie le3 file3.bk ak
$ cp file3 file3.bak$ more file4        $ (date>file4);who$ more file3      $ (date;who)>file3(bdate;who)>file3$ (bdate;who)>file3 $ (bate;who)>file3>>file3>file3
ksh: bate: not found [No such file or directory]
$ more (file3;file3.bak)
ksh: syntax error: `(' unexpected
$ more (file3;file3.bak)) e (file3;file3.bak $ more 
Wed Feb 21 18:32:00 MST 2018
(unknown) :0           2017-08-25 13:27 (:0)
gdelbrid pts/0        2018-02-21 18:09 (128.198.198.219)
jhale2   pts/1        2018-02-21 18:04 (en138-win-25.uccs.edu)
warchbol pts/3        2018-02-21 17:40 (uccs-vpn-a233.uccs.edu)
warchbol pts/4        2018-02-21 18:10 (uccs-vpn-a215.uccs.edu)
sanders2 pts/5        2018-02-21 18:10 (128.198.108.112)
bbarclay pts/6        2018-02-21 18:13 (uccs-vpn-a36.uccs.edu)
jnguyen2 pts/7        2018-02-21 18:13 (uccs-vpn-a242.uccs.edu)
erussel2 pts/9        2018-02-21 18:13 (en138-win-23.uccs.edu)
tbarret2 pts/10       2018-02-21 18:18 (en138-win-24.uccs.edu)
zrandall pts/11       2018-02-21 18:13 (en138-win-28.uccs.edu)
tbarkalo pts/12       2018-02-21 18:13 (en138-win-p.uccs.edu)
jcontrer pts/13       2018-02-21 18:14 (en138--win-03.uccs.edu)
sanders2 pts/14       2018-02-21 18:14 (uccs-vpn-a244.uccs.edu)
bbarclay pts/15       2018-02-21 18:16
sparish  pts/16       2018-02-21 18:22 (128.198.108.197)
(unknown) :0           2017-08-25 13:27 (:0)
gdelbrid pts/0        2018-02-21 18:34 (128.198.198.219)
jhale2   pts/1        2018-02-21 18:04 (en138-win-25.uccs.edu)
warchbol pts/3        2018-02-21 17:40 (uccs-vpn-a233.uccs.edu)
warchbol pts/4        2018-02-21 18:10 (uccs-vpn-a215.uccs.edu)
sanders2 pts/5        2018-02-21 18:10 (128.198.108.112)
bbarclay pts/6        2018-02-21 18:13 (uccs-vpn-a36.uccs.edu)
jnguyen2 pts/7        2018-02-21 18:13 (uccs-vpn-a242.uccs.edu)
jbarney  pts/8        2018-02-21 18:32 (en138-win-17.uccs.edu)
erussel2 pts/9        2018-02-21 18:13 (en138-win-23.uccs.edu)
tbarret2 pts/10       2018-02-21 18:18 (en138-win-24.uccs.edu)
zrandall pts/11       2018-02-21 18:13 (en138-win-28.uccs.edu)
tbarkalo pts/12       2018-02-21 18:13 (en138-win-p.uccs.edu)
jcontrer pts/13       2018-02-21 18:14 (en138--win-03.uccs.edu)
sanders2 pts/14       2018-02-21 18:14 (uccs-vpn-a244.uccs.edu)
bbarclay pts/15       2018-02-21 18:16
sparish  pts/16       2018-02-21 18:22 (128.198.108.197)
ksh: file3.bak: not found [No such file or directory]
$ pwd
/home/bbarclay/ch5
$ ls- 
file1  file2  file3  file3.bak  file4
$ lspwd$ more file3;file3.bak$ pwd                 $ pwd$ more file3;file3.bak;file3.bak          ;file3.bak
Wed Feb 21 18:32:00 MST 2018
(unknown) :0           2017-08-25 13:27 (:0)
gdelbrid pts/0        2018-02-21 18:09 (128.198.198.219)
jhale2   pts/1        2018-02-21 18:04 (en138-win-25.uccs.edu)
warchbol pts/3        2018-02-21 17:40 (uccs-vpn-a233.uccs.edu)
warchbol pts/4        2018-02-21 18:10 (uccs-vpn-a215.uccs.edu)
sanders2 pts/5        2018-02-21 18:10 (128.198.108.112)
bbarclay pts/6        2018-02-21 18:13 (uccs-vpn-a36.uccs.edu)
jnguyen2 pts/7        2018-02-21 18:13 (uccs-vpn-a242.uccs.edu)
erussel2 pts/9        2018-02-21 18:13 (en138-win-23.uccs.edu)
tbarret2 pts/10       2018-02-21 18:18 (en138-win-24.uccs.edu)
zrandall pts/11       2018-02-21 18:13 (en138-win-28.uccs.edu)
tbarkalo pts/12       2018-02-21 18:13 (en138-win-p.uccs.edu)
jcontrer pts/13       2018-02-21 18:14 (en138--win-03.uccs.edu)
sanders2 pts/14       2018-02-21 18:14 (uccs-vpn-a244.uccs.edu)
bbarclay pts/15       2018-02-21 18:16
sparish  pts/16       2018-02-21 18:22 (128.198.108.197)
(unknown) :0           2017-08-25 13:27 (:0)
gdelbrid pts/0        2018-02-21 18:34 (128.198.198.219)
jhale2   pts/1        2018-02-21 18:04 (en138-win-25.uccs.edu)
warchbol pts/3        2018-02-21 17:40 (uccs-vpn-a233.uccs.edu)
warchbol pts/4        2018-02-21 18:10 (uccs-vpn-a215.uccs.edu)
sanders2 pts/5        2018-02-21 18:10 (128.198.108.112)
bbarclay pts/6        2018-02-21 18:13 (uccs-vpn-a36.uccs.edu)
jnguyen2 pts/7        2018-02-21 18:13 (uccs-vpn-a242.uccs.edu)
jbarney  pts/8        2018-02-21 18:32 (en138-win-17.uccs.edu)
erussel2 pts/9        2018-02-21 18:13 (en138-win-23.uccs.edu)
tbarret2 pts/10       2018-02-21 18:18 (en138-win-24.uccs.edu)
zrandall pts/11       2018-02-21 18:13 (en138-win-28.uccs.edu)
tbarkalo pts/12       2018-02-21 18:13 (en138-win-p.uccs.edu)
jcontrer pts/13       2018-02-21 18:14 (en138--win-03.uccs.edu)
sanders2 pts/14       2018-02-21 18:14 (uccs-vpn-a244.uccs.edu)
bbarclay pts/15       2018-02-21 18:16
sparish  pts/16       2018-02-21 18:22 (128.198.108.197)
ksh: file3.bak: not found [No such file or directory]
$ more file3.bak
Wed Feb 21 18:32:00 MST 2018
(unknown) :0           2017-08-25 13:27 (:0)
gdelbrid pts/0        2018-02-21 18:09 (128.198.198.219)
jhale2   pts/1        2018-02-21 18:04 (en138-win-25.uccs.edu)
warchbol pts/3        2018-02-21 17:40 (uccs-vpn-a233.uccs.edu)
warchbol pts/4        2018-02-21 18:10 (uccs-vpn-a215.uccs.edu)
sanders2 pts/5        2018-02-21 18:10 (128.198.108.112)
bbarclay pts/6        2018-02-21 18:13 (uccs-vpn-a36.uccs.edu)
jnguyen2 pts/7        2018-02-21 18:13 (uccs-vpn-a242.uccs.edu)
erussel2 pts/9        2018-02-21 18:13 (en138-win-23.uccs.edu)
tbarret2 pts/10       2018-02-21 18:18 (en138-win-24.uccs.edu)
zrandall pts/11       2018-02-21 18:13 (en138-win-28.uccs.edu)
tbarkalo pts/12       2018-02-21 18:13 (en138-win-p.uccs.edu)
jcontrer pts/13       2018-02-21 18:14 (en138--win-03.uccs.edu)
sanders2 pts/14       2018-02-21 18:14 (uccs-vpn-a244.uccs.edu)
bbarclay pts/15       2018-02-21 18:16
sparish  pts/16       2018-02-21 18:22 (128.198.108.197)
$ more    more file3.bak$ more file3;file3.bak;file3.bak  file3.bak
::::::::::::::
file3
::::::::::::::
Wed Feb 21 18:32:00 MST 2018
(unknown) :0           2017-08-25 13:27 (:0)
gdelbrid pts/0        2018-02-21 18:09 (128.198.198.219)
jhale2   pts/1        2018-02-21 18:04 (en138-win-25.uccs.edu)
warchbol pts/3        2018-02-21 17:40 (uccs-vpn-a233.uccs.edu)
warchbol pts/4        2018-02-21 18:10 (uccs-vpn-a215.uccs.edu)
sanders2 pts/5        2018-02-21 18:10 (128.198.108.112)
bbarclay pts/6        2018-02-21 18:13 (uccs-vpn-a36.uccs.edu)
jnguyen2 pts/7        2018-02-21 18:13 (uccs-vpn-a242.uccs.edu)
erussel2 pts/9        2018-02-21 18:13 (en138-win-23.uccs.edu)
tbarret2 pts/10       2018-02-21 18:18 (en138-win-24.uccs.edu)
zrandall pts/11       2018-02-21 18:13 (en138-win-28.uccs.edu)
tbarkalo pts/12       2018-02-21 18:13 (en138-win-p.uccs.edu)
jcontrer pts/13       2018-02-21 18:14 (en138--win-03.uccs.edu)
sanders2 pts/14       2018-02-21 18:14 (uccs-vpn-a244.uccs.edu)
bbarclay pts/15       2018-02-21 18:16
sparish  pts/16       2018-02-21 18:22 (128.198.108.197)
(unknown) :0           2017-08-25 13:27 (:0)
gdelbrid pts/0        2018-02-21 18:34 (128.198.198.219)
jhale2   pts/1        2018-02-21 18:04 (en138-win-25.uccs.edu)
warchbol pts/3        2018-02-21 17:40 (uccs-vpn-a233.uccs.edu)
warchbol pts/4        2018-02-21 18:10 (uccs-vpn-a215.uccs.edu)
sanders2 pts/5        2018-02-21 18:10 (128.198.108.112)
bbarclay pts/6        2018-02-21 18:13 (uccs-vpn-a36.uccs.edu)
jnguyen2 pts/7        2018-02-21 18:13 (uccs-vpn-a242.uccs.edu)
jbarney  pts/8        2018-02-21 18:32 (en138-win-17.uccs.edu)
erussel2 pts/9        2018-02-21 18:13 (en138-win-23.uccs.edu)
tbarret2 pts/10       2018-02-21 18:18 (en138-win-24.uccs.edu)
zrandall pts/11       2018-02-21 18:13 (en138-win-28.uccs.edu)
tbarkalo pts/12       2018-02-21 18:13 (en138-win-p.uccs.edu)
jcontrer pts/13       2018-02-21 18:14 (en138--win-03.uccs.edu)
sanders2 pts/14       2018-02-21 18:14 (uccs-vpn-a244.uccs.edu)
bbarclay pts/15       2018-02-21 18:16
sparish  pts/16       2018-02-21 18:22 (128.198.108.197)
[7m--More--(Next file: file3.bak)[m::::::::::::::[K
file3.bak
::::::::::::::
Wed Feb 21 18:32:00 MST 2018
(unknown) :0           2017-08-25 13:27 (:0)
gdelbrid pts/0        2018-02-21 18:09 (128.198.198.219)
jhale2   pts/1        2018-02-21 18:04 (en138-win-25.uccs.edu)
warchbol pts/3        2018-02-21 17:40 (uccs-vpn-a233.uccs.edu)
warchbol pts/4        2018-02-21 18:10 (uccs-vpn-a215.uccs.edu)
sanders2 pts/5        2018-02-21 18:10 (128.198.108.112)
bbarclay pts/6        2018-02-21 18:13 (uccs-vpn-a36.uccs.edu)
jnguyen2 pts/7        2018-02-21 18:13 (uccs-vpn-a242.uccs.edu)
erussel2 pts/9        2018-02-21 18:13 (en138-win-23.uccs.edu)
tbarret2 pts/10       2018-02-21 18:18 (en138-win-24.uccs.edu)
zrandall pts/11       2018-02-21 18:13 (en138-win-28.uccs.edu)
tbarkalo pts/12       2018-02-21 18:13 (en138-win-p.uccs.edu)
jcontrer pts/13       2018-02-21 18:14 (en138--win-03.uccs.edu)
sanders2 pts/14       2018-02-21 18:14 (uccs-vpn-a244.uccs.edu)
bbarclay pts/15       2018-02-21 18:16
sparish  pts/16       2018-02-21 18:22 (128.198.108.197)
$ more file3 file3.bak$ more file3.bak      $ more file3;file3.bak$ ls                  $ lspwd$ more file3;file3.bak$ more (file3;file3.bak)$ more file3;file3.bak  $ pwd                 $ pwd$ more file3;file3.bak$ more (file3;file3.bak)$ (bate;who)>>file3     $ cp file3 file3.bak$ (bate;who)>>file3 $ more (file3;file3.bak)$ more file3;file3.bak  $ pwd                 $ pwd$ ls more file3;file3.bak$ more file3.bak       file3.bak$                     $ more file3 file3.bak$ more file3.bak      $ more file3;file3.bak$ ls                  $ lspwd$ more file3;file3.bak$ more (file3;file3.bak)$ (bate;who)>>file3     e(bate;who)>>file3$ ec(bate;who)>>file3$ ech(bate;who)>>file3$ echo(bate;who)>>file3$ echo (bate;who)>>file3$ echo  ((bate;who)>>file3$ echo ((bate;who)>>file3)>>file3(echo ((bate;who)>>file3)>>file3$ (echo (bate;who)>>file3)>>file3 $ (echo (bate;who)>>file3)>>file3
ksh: syntax error: `(' unexpected
$ (echo (bate;who)>>file3)>>file3$ more file3 file3.bak           $ more file3.bak      $ more file3;file3.bak$ ls                  $ lspwd$ more file3;file3.bak$ more (file3;file3.bak)$ (bate;who)>>file3     >>file3
ksh: bate: not found [No such file or directory]
$ f more file3
Wed Feb 21 18:32:00 MST 2018
(unknown) :0           2017-08-25 13:27 (:0)
gdelbrid pts/0        2018-02-21 18:09 (128.198.198.219)
jhale2   pts/1        2018-02-21 18:04 (en138-win-25.uccs.edu)
warchbol pts/3        2018-02-21 17:40 (uccs-vpn-a233.uccs.edu)
warchbol pts/4        2018-02-21 18:10 (uccs-vpn-a215.uccs.edu)
sanders2 pts/5        2018-02-21 18:10 (128.198.108.112)
bbarclay pts/6        2018-02-21 18:13 (uccs-vpn-a36.uccs.edu)
jnguyen2 pts/7        2018-02-21 18:13 (uccs-vpn-a242.uccs.edu)
erussel2 pts/9        2018-02-21 18:13 (en138-win-23.uccs.edu)
tbarret2 pts/10       2018-02-21 18:18 (en138-win-24.uccs.edu)
zrandall pts/11       2018-02-21 18:13 (en138-win-28.uccs.edu)
tbarkalo pts/12       2018-02-21 18:13 (en138-win-p.uccs.edu)
jcontrer pts/13       2018-02-21 18:14 (en138--win-03.uccs.edu)
sanders2 pts/14       2018-02-21 18:14 (uccs-vpn-a244.uccs.edu)
bbarclay pts/15       2018-02-21 18:16
sparish  pts/16       2018-02-21 18:22 (128.198.108.197)
(unknown) :0           2017-08-25 13:27 (:0)
gdelbrid pts/0        2018-02-21 18:34 (128.198.198.219)
jhale2   pts/1        2018-02-21 18:04 (en138-win-25.uccs.edu)
warchbol pts/3        2018-02-21 17:40 (uccs-vpn-a233.uccs.edu)
warchbol pts/4        2018-02-21 18:10 (uccs-vpn-a215.uccs.edu)
sanders2 pts/5        2018-02-21 18:10 (128.198.108.112)
bbarclay pts/6        2018-02-21 18:13 (uccs-vpn-a36.uccs.edu)
jnguyen2 pts/7        2018-02-21 18:13 (uccs-vpn-a242.uccs.edu)
jbarney  pts/8        2018-02-21 18:32 (en138-win-17.uccs.edu)
erussel2 pts/9        2018-02-21 18:13 (en138-win-23.uccs.edu)
tbarret2 pts/10       2018-02-21 18:18 (en138-win-24.uccs.edu)
zrandall pts/11       2018-02-21 18:13 (en138-win-28.uccs.edu)
tbarkalo pts/12       2018-02-21 18:13 (en138-win-p.uccs.edu)
jcontrer pts/13       2018-02-21 18:14 (en138--win-03.uccs.edu)
sanders2 pts/14       2018-02-21 18:14 (uccs-vpn-a244.uccs.edu)
bbarclay pts/15       2018-02-21 18:16
sparish  pts/16       2018-02-21 18:22 (128.198.108.197)
(unknown) :0           2017-08-25 13:27 (:0)
gdelbrid pts/0        2018-02-21 18:34 (128.198.198.219)
jhale2   pts/1        2018-02-21 18:04 (en138-win-25.uccs.edu)
warchbol pts/3        2018-02-21 17:40 (uccs-vpn-a233.uccs.edu)
warchbol pts/4        2018-02-21 18:10 (uccs-vpn-a215.uccs.edu)
sanders2 pts/5        2018-02-21 18:10 (128.198.108.112)
bbarclay pts/6        2018-02-21 18:13 (uccs-vpn-a36.uccs.edu)
jnguyen2 pts/7        2018-02-21 18:13 (uccs-vpn-a242.uccs.edu)
[7m--More--(82%)[mjbarney  pts/8        2018-02-21 18:32 (en138-win-17.uccs.edu)
erussel2 pts/9        2018-02-21 18:13 (en138-win-23.uccs.edu)
tbarret2 pts/10       2018-02-21 18:18 (en138-win-24.uccs.edu)
zrandall pts/11       2018-02-21 18:13 (en138-win-28.uccs.edu)
tbarkalo pts/12       2018-02-21 18:13 (en138-win-p.uccs.edu)
jcontrer pts/13       2018-02-21 18:14 (en138--win-03.uccs.edu)
sanders2 pts/14       2018-02-21 18:14 (uccs-vpn-a244.uccs.edu)
bbarclay pts/15       2018-02-21 18:16
sparish  pts/16       2018-02-21 18:22 (128.198.108.197)
$ more file3$ (bate;who)>>file3>>file3 )>>file3>>file3$ (bate;who )>>file3>>file3 $ (bate;who) >>file3>>file3$ (bate;who) 1>>file3>>file3$ more file3                $ more file3$           $ more file3$ (bate;who)>>file3>>file3) >>file3>>file3$ (bate;who) 1>>file3>>file3>> file3>>file3file3 >>file3>> file32>> file3>> file3
$ file    more file3
Wed Feb 21 18:32:00 MST 2018
(unknown) :0           2017-08-25 13:27 (:0)
gdelbrid pts/0        2018-02-21 18:09 (128.198.198.219)
jhale2   pts/1        2018-02-21 18:04 (en138-win-25.uccs.edu)
warchbol pts/3        2018-02-21 17:40 (uccs-vpn-a233.uccs.edu)
warchbol pts/4        2018-02-21 18:10 (uccs-vpn-a215.uccs.edu)
sanders2 pts/5        2018-02-21 18:10 (128.198.108.112)
bbarclay pts/6        2018-02-21 18:13 (uccs-vpn-a36.uccs.edu)
jnguyen2 pts/7        2018-02-21 18:13 (uccs-vpn-a242.uccs.edu)
erussel2 pts/9        2018-02-21 18:13 (en138-win-23.uccs.edu)
tbarret2 pts/10       2018-02-21 18:18 (en138-win-24.uccs.edu)
zrandall pts/11       2018-02-21 18:13 (en138-win-28.uccs.edu)
tbarkalo pts/12       2018-02-21 18:13 (en138-win-p.uccs.edu)
jcontrer pts/13       2018-02-21 18:14 (en138--win-03.uccs.edu)
sanders2 pts/14       2018-02-21 18:14 (uccs-vpn-a244.uccs.edu)
bbarclay pts/15       2018-02-21 18:16
sparish  pts/16       2018-02-21 18:22 (128.198.108.197)
(unknown) :0           2017-08-25 13:27 (:0)
gdelbrid pts/0        2018-02-21 18:34 (128.198.198.219)
jhale2   pts/1        2018-02-21 18:04 (en138-win-25.uccs.edu)
warchbol pts/3        2018-02-21 17:40 (uccs-vpn-a233.uccs.edu)
warchbol pts/4        2018-02-21 18:10 (uccs-vpn-a215.uccs.edu)
sanders2 pts/5        2018-02-21 18:10 (128.198.108.112)
bbarclay pts/6        2018-02-21 18:13 (uccs-vpn-a36.uccs.edu)
jnguyen2 pts/7        2018-02-21 18:13 (uccs-vpn-a242.uccs.edu)
jbarney  pts/8        2018-02-21 18:32 (en138-win-17.uccs.edu)
erussel2 pts/9        2018-02-21 18:13 (en138-win-23.uccs.edu)
tbarret2 pts/10       2018-02-21 18:18 (en138-win-24.uccs.edu)
zrandall pts/11       2018-02-21 18:13 (en138-win-28.uccs.edu)
tbarkalo pts/12       2018-02-21 18:13 (en138-win-p.uccs.edu)
jcontrer pts/13       2018-02-21 18:14 (en138--win-03.uccs.edu)
sanders2 pts/14       2018-02-21 18:14 (uccs-vpn-a244.uccs.edu)
bbarclay pts/15       2018-02-21 18:16
sparish  pts/16       2018-02-21 18:22 (128.198.108.197)
(unknown) :0           2017-08-25 13:27 (:0)
gdelbrid pts/0        2018-02-21 18:34 (128.198.198.219)
jhale2   pts/1        2018-02-21 18:04 (en138-win-25.uccs.edu)
warchbol pts/3        2018-02-21 17:40 (uccs-vpn-a233.uccs.edu)
warchbol pts/4        2018-02-21 18:10 (uccs-vpn-a215.uccs.edu)
sanders2 pts/5        2018-02-21 18:10 (128.198.108.112)
bbarclay pts/6        2018-02-21 18:13 (uccs-vpn-a36.uccs.edu)
jnguyen2 pts/7        2018-02-21 18:13 (uccs-vpn-a242.uccs.edu)
[7m--More--(60%)[mjbarney  pts/8        2018-02-21 18:32 (en138-win-17.uccs.edu)
erussel2 pts/9        2018-02-21 18:13 (en138-win-23.uccs.edu)
tbarret2 pts/10       2018-02-21 18:18 (en138-win-24.uccs.edu)
zrandall pts/11       2018-02-21 18:13 (en138-win-28.uccs.edu)
tbarkalo pts/12       2018-02-21 18:13 (en138-win-p.uccs.edu)
jcontrer pts/13       2018-02-21 18:14 (en138--win-03.uccs.edu)
sanders2 pts/14       2018-02-21 18:14 (uccs-vpn-a244.uccs.edu)
bbarclay pts/15       2018-02-21 18:16
sparish  pts/16       2018-02-21 18:22 (128.198.108.197)
ksh: bate: not found [No such file or directory]
(unknown) :0           2017-08-25 13:27 (:0)
gdelbrid pts/0        2018-02-21 18:34 (128.198.198.219)
jhale2   pts/1        2018-02-21 18:04 (en138-win-25.uccs.edu)
warchbol pts/3        2018-02-21 17:40 (uccs-vpn-a233.uccs.edu)
warchbol pts/4        2018-02-21 18:10 (uccs-vpn-a215.uccs.edu)
sanders2 pts/5        2018-02-21 18:10 (128.198.108.112)
bbarclay pts/6        2018-02-21 18:13 (uccs-vpn-a36.uccs.edu)
jnguyen2 pts/7        2018-02-21 18:13 (uccs-vpn-a242.uccs.edu)
jbarney  pts/8        2018-02-21 18:32 (en138-win-17.uccs.edu)
erussel2 pts/9        2018-02-21 18:13 (en138-win-23.uccs.edu)
tbarret2 pts/10       2018-02-21 18:18 (en138-win-24.uccs.edu)
zrandall pts/11       2018-02-21 18:13 (en138-win-28.uccs.edu)
tbarkalo pts/12       2018-02-21 18:13 (en138-win-p.uccs.edu)
jcontrer pts/13       2018-02-21 18:14 (en138--win-03.uccs.edu)
sanders2 pts/14       2018-02-21 18:14 (uccs-vpn-a244.uccs.edu)
bbarclay pts/15       2018-02-21 18:16
sparish  pts/16       2018-02-21 18:22 (128.198.108.197)
$ more file3$ (bate;who) 1>> file3 2>> file33 2>> file3 4 2>> file3  2>> file3 5
$ file    more file4
Wed Feb 21 18:33:39 MST 2018
(unknown) :0           2017-08-25 13:27 (:0)
gdelbrid pts/0        2018-02-21 18:34 (128.198.198.219)
jhale2   pts/1        2018-02-21 18:04 (en138-win-25.uccs.edu)
warchbol pts/3        2018-02-21 17:40 (uccs-vpn-a233.uccs.edu)
warchbol pts/4        2018-02-21 18:10 (uccs-vpn-a215.uccs.edu)
sanders2 pts/5        2018-02-21 18:10 (128.198.108.112)
bbarclay pts/6        2018-02-21 18:13 (uccs-vpn-a36.uccs.edu)
jnguyen2 pts/7        2018-02-21 18:13 (uccs-vpn-a242.uccs.edu)
jbarney  pts/8        2018-02-21 18:32 (en138-win-17.uccs.edu)
erussel2 pts/9        2018-02-21 18:13 (en138-win-23.uccs.edu)
tbarret2 pts/10       2018-02-21 18:18 (en138-win-24.uccs.edu)
zrandall pts/11       2018-02-21 18:13 (en138-win-28.uccs.edu)
tbarkalo pts/12       2018-02-21 18:13 (en138-win-p.uccs.edu)
jcontrer pts/13       2018-02-21 18:14 (en138--win-03.uccs.edu)
sanders2 pts/14       2018-02-21 18:14 (uccs-vpn-a244.uccs.edu)
bbarclay pts/15       2018-02-21 18:16
sparish  pts/16       2018-02-21 18:22 (128.198.108.197)
$ more file 5
ksh: bate: not found [No such file or directory]
$ ls -l | lpr
lpr: Error - no default destination available.
$ ls -l | lpr    lpr 1>>file1       file1 1>file1>file1 2>file1
$ ls -l | lpr 1>file1 2>file1l  | lpr 1>file1 2>file1$ ls -l | lpr 1>file1 2>file1 $ ls -l  | lpr 1>file1 2>file1$ ls -l ( | lpr 1>file1 2>file1$ ls -l ( | lpr 1>file1 2>file1 $ ls -l | lpr 1>file1 2>file1 $ ls -l | lpr; 1>file1 2>file1$ ls -l | lpr;  lpr; 1>file1 2>file1$ ls -l | ( lpr; 1>file1 2>file1$ ls -l | ( lpr;f 1>file1 2>file1i 1>file1 2>file1l 1>file1 2>file1e 1>file1 2>file12 1>file1 2>file1; 1>file1 2>file1f 1>file1 2>file1i 1>file1 2>file1l 1>file1 2>file1e 1>file1 2>file13 1>file1 2>file1) 1>file1 2>file1 1>file1 2>file1       
lpr: Error - no default destination available.
ksh: file2: not found [No such file or directory]
ksh: file3: not found [No such file or directory]
$ ls -l | ( lpr;file2;file3) 1>file1r;| ( lpr;file2;file3) 1>file1 $ ls -l | (| (lpr;lpr;file2;file3)) 1>file1  1>file1  1>file1  1>file1   1>file1   1>file1   1>file1  1>file1  1>file1  1>file1 lpr 1>file1 $ ls -l |   lpr 1>file1$ ls -l | f lpr 1>file1$ ls -l | fi lpr 1>file1l lpr 1>file1e lpr 1>file1 lpr 1>file1  lpr 1>file1 $ ls -l | fi lpr 1>file1 $ ls -l | f lpr 1>file1 $ ls -l | ( lpr 1>file1$ ls -l | (f lpr 1>file1i lpr 1>file1l lpr 1>file1e lpr 1>file12 lpr 1>file1; lpr 1>file1f lpr 1>file1i lpr 1>file1l lpr 1>file1e lpr 1>file13 lpr 1>file1) lpr 1>file1  lpr 1>file1| lpr 1>file1 lpr 1>file11| (file2;file3) | lpr 1>file1 $ ls -l > (file2;file3) | lpr 1>file1$ ls -l >
ksh: syntax error: `(' unexpected
$ ls -l > (file2;file3) | lpr 1>file1e3) | lpr 1>file1 (file2;file3 | lpr 1>file1 $ ls -l > 
ksh: file3: not found
lpr: Error - no default destination available.
$ ls -l > file2;file3 | lpr 1>file1> file1file1
ksh: file3: not found
lpr: Error - no default destination available.
$ set -o noclobber
$ set -o noclobber$ ls -l > file2;file3 | lpr 1> file1
ksh: file2: file already exists [File exists]
ksh: file3: not found
ksh: file1: file already exists [File exists]
$ ls -l > file2;file3 | lpr 1> file1\> file1^H> file1|> file1> file1 > file1  |> file1> file1 >\ file1^H file1| file1 file1  file1  | file1
ksh: file2: file already exists [File exists]
ksh: file3: not found
lpr: Error - no default destination available.
$ ls -l > file2;file3 | lpr 1>| file1file1                            ls - l ^\   \^H  | cp |( file3  |       d file3 | ;file4
ksh: file3: not found [No such file or directory]
ls: cannot access -: No such file or directory
ls: cannot access l: No such file or directory
cp: missing file operand
Try 'cp --help' for more information.
ksh: file4: not found [No such file or directory]
$ cp --help
Usage: cp [OPTION]... [-T] SOURCE DEST
  or:  cp [OPTION]... SOURCE... DIRECTORY
  or:  cp [OPTION]... -t DIRECTORY SOURCE...
Copy SOURCE to DEST, or multiple SOURCE(s) to DIRECTORY.

Mandatory arguments to long options are mandatory for short options too.
  -a, --archive                same as -dR --preserve=all
      --attributes-only        don't copy the file data, just the attributes
      --backup[=CONTROL]       make a backup of each existing destination file
  -b                           like --backup but does not accept an argument
      --copy-contents          copy contents of special files when recursive
  -d                           same as --no-dereference --preserve=links
  -f, --force                  if an existing destination file cannot be
                                 opened, remove it and try again (this option
                                 is ignored when the -n option is also used)
  -i, --interactive            prompt before overwrite (overrides a previous -n
                                  option)
  -H                           follow command-line symbolic links in SOURCE
  -l, --link                   hard link files instead of copying
  -L, --dereference            always follow symbolic links in SOURCE
  -n, --no-clobber             do not overwrite an existing file (overrides
                                 a previous -i option)
  -P, --no-dereference         never follow symbolic links in SOURCE
  -p                           same as --preserve=mode,ownership,timestamps
      --preserve[=ATTR_LIST]   preserve the specified attributes (default:
                                 mode,ownership,timestamps), if possible
                                 additional attributes: context, links, xattr,
                                 all
  -c                           deprecated, same as --preserve=context
      --no-preserve=ATTR_LIST  don't preserve the specified attributes
      --parents                use full source file name under DIRECTORY
  -R, -r, --recursive          copy directories recursively
      --reflink[=WHEN]         control clone/CoW copies. See below
      --remove-destination     remove each existing destination file before
                                 attempting to open it (contrast with --force)
      --sparse=WHEN            control creation of sparse files. See below
      --strip-trailing-slashes  remove any trailing slashes from each SOURCE
                                 argument
  -s, --symbolic-link          make symbolic links instead of copying
  -S, --suffix=SUFFIX          override the usual backup suffix
  -t, --target-directory=DIRECTORY  copy all SOURCE arguments into DIRECTORY
  -T, --no-target-directory    treat DEST as a normal file
  -u, --update                 copy only when the SOURCE file is newer
                                 than the destination file or when the
                                 destination file is missing
  -v, --verbose                explain what is being done
  -x, --one-file-system        stay on this file system
  -Z                           set SELinux security context of destination
                                 file to default type
      --context[=CTX]          like -Z, or if CTX is specified then set the
                                 SELinux or SMACK security context to CTX
      --help     display this help and exit
      --version  output version information and exit

By default, sparse SOURCE files are detected by a crude heuristic and the
corresponding DEST file is made sparse as well.  That is the behavior
selected by --sparse=auto.  Specify --sparse=always to create a sparse DEST
file whenever the SOURCE file contains a long enough sequence of zero bytes.
Use --sparse=never to inhibit creation of sparse files.

When --reflink[=always] is specified, perform a lightweight copy, where the
data blocks are copied only when modified.  If this is not possible the copy
fails, or if --reflink=auto is specified, fall back to a standard copy.

The backup suffix is '~', unless set with --suffix or SIMPLE_BACKUP_SUFFIX.
The version control method may be selected via the --backup option or through
the VERSION_CONTROL environment variable.  Here are the values:

  none, off       never make backups (even if --backup is given)
  numbered, t     make numbered backups
  existing, nil   numbered if numbered backups exist, simple otherwise
  simple, never   always make simple backups

As a special case, cp makes a backup of SOURCE when the force and backup
options are given and SOURCE and DEST are the same name for an existing,
regular file.

GNU coreutils online help: <http://www.gnu.org/software/coreutils/>
For complete documentation, run: info coreutils 'cp invocation'
$ cp --help$ ls - l | cp | file3;file4 cp | file3;file4 $ ls - l  cp | file3;file4              |fi   filew 3     ile3|  (ls - l | file3$ (ls - l | file3 ) c(ls - l | file3)$ cp(ls - l | file3)$ cp (ls - l | file3)$ cp (ls - l | file3) file4
ksh: syntax error: `(' unexpected
ksh: syntax error: `)' unexpected
$ - l | file3) file4e$ cp (ls            $ cp (ls$ - l | file3) file4$                   $ - l | file3) file4$                   $ - l | file3) file4$ cp (ls            $ cp (ls$ cp --help$ ls - l | cp | file3;file4$ cp --help                $ cp --help$ cp (ls   $ - l | file3) file4$                   $ - l | file3) file4              cp ls -l \^H|   |tee file3 file4
cp: missing destination file operand after ‘ls’
Try 'cp --help' for more information.
$ cp ls -l |tee file3 file4$ - l | file3) file4       $ cp (ls            $ cp (ls$ cp --help$ ls - l | cp | file3;file4t file3;file4e file3;file4e file3;file4
ls: cannot access -: No such file or directory
ls: cannot access l: No such file or directory
cp: missing file operand
Try 'cp --help' for more information.
ksh: file4: not found [No such file or directory]
$ ls - l | cp |tee file3;file4$ cp ls -l |tee file3 file4   s -l |tee-l |tee file3 file4
cp: missing destination file operand after ‘ls’
Try 'cp --help' for more information.
$ cp ls -l |tee file3 file4 ls -l |tee file3 file4 $ cpls -l |tee file3 file4 $ cls -l |tee file3 file4 $ ls -l |tee file3 file4     
total 6
-rw-r--r--+ 1 bbarclay domain users   0 Feb 21 19:04 file1
-rw-r--r--+ 1 bbarclay domain users 373 Feb 21 19:02 file2
-rw-r--r--+ 1 bbarclay domain users   0 Feb 21 19:15 file3
-rw-r--r--+ 1 bbarclay domain users 981 Feb 21 18:34 file3.bak
-rw-r--r--+ 1 bbarclay domain users   0 Feb 21 19:14 file4
-rw-r--r--+ 1 bbarclay domain users  49 Feb 21 18:51 file5
$ ls -l |tee file3$ cp ls -l |tee file3 file4e file3 file4  file3 file4  file3 file4 $ cp ls -l | file3 file4 $ cp ls -l file3 file4 $ cp ls -l file3 file4 $ cp ls - file3 file4 $ cp ls file3 file4 $ cp ls file3 file4 $ cp l file3 file4 $ cp file3 file4 $ cp
$ esit   xt
ksh: ext: not found [No such file or directory]
$ exit
[bbarclay@blanca ch5]$ exit
exit
[bbarclay@blanca ch5]$ exit
exit
[bbarclay@blanca ch5]$ exit
exit

Script done on Wed 21 Feb 2018 07:16:56 PM MST
